V3 3
FL C:/Users/Rian/Documents/MICROELETRONICA/LAB3/LAB3_OK/TEMPORIZADOR/TEMPORIZADOR.vhd 2024/04/19.17:40:51 P.20131013
EN work/TEMPORIZADOR 1713559255 \
      FL C:/Users/Rian/Documents/MICROELETRONICA/LAB3/LAB3_OK/TEMPORIZADOR/TEMPORIZADOR.vhd \
      PB ieee/std_logic_1164 1381692176 PB ieee/std_logic_arith 1381692177
AR work/TEMPORIZADOR/Behavioral 1713559256 \
      FL C:/Users/Rian/Documents/MICROELETRONICA/LAB3/LAB3_OK/TEMPORIZADOR/TEMPORIZADOR.vhd \
      EN work/TEMPORIZADOR 1713559255
